[2026-08-20 14:16:39] production.ERROR: PHP Parse error: Syntax error, unexpected T_NS_SEPARATOR, expecting T_VARIABLE on line 1 {"exception":"[object] (Psy\\Exception\\ParseErrorException(code: 0): PHP Parse error: Syntax error, unexpected T_NS_SEPARATOR, expecting T_VARIABLE on line 1 at /var/www/testapp/vendor/psy/psysh/src/Exception/ParseErrorException.php:44)
[stacktrace]
#0 /var/www/testapp/vendor/psy/psysh/src/CodeCleaner.php(657): Psy\\Exception\\ParseErrorException::fromParseError()
#1 /var/www/testapp/vendor/psy/psysh/src/CodeCleaner.php(273): Psy\\CodeCleaner->parse()
#2 /var/www/testapp/vendor/psy/psysh/src/Shell.php(1358): Psy\\CodeCleaner->clean()
#3 /var/www/testapp/vendor/psy/psysh/src/Shell.php(1465): Psy\\Shell->appendCode()
#4 /var/www/testapp/vendor/psy/psysh/src/Shell.php(2173): Psy\\Shell->setCode()
#5 /var/www/testapp/vendor/laravel/tinker/src/Console/TinkerCommand.php(77): Psy\\Shell->execute()
#6 /var/www/testapp/vendor/laravel/framework/src/Illuminate/Container/BoundMethod.php(36): Laravel\\Tinker\\Console\\TinkerCommand->handle()
#7 /var/www/testapp/vendor/laravel/framework/src/Illuminate/Container/Util.php(43): Illuminate\\Container\\BoundMethod::Illuminate\\Container\\{closure}()
#8 /var/www/testapp/vendor/laravel/framework/src/Illuminate/Container/BoundMethod.php(95): Illuminate\\Container\\Util::unwrapIfClosure()
#9 /var/www/testapp/vendor/laravel/framework/src/Illuminate/Container/BoundMethod.php(35): Illuminate\\Container\\BoundMethod::callBoundMethod()
#10 /var/www/testapp/vendor/laravel/framework/src/Illuminate/Container/Container.php(696): Illuminate\\Container\\BoundMethod::call()
#11 /var/www/testapp/vendor/laravel/framework/src/Illuminate/Console/Command.php(213): Illuminate\\Container\\Container->call()
#12 /var/www/testapp/vendor/symfony/console/Command/Command.php(341): Illuminate\\Console\\Command->execute()
#13 /var/www/testapp/vendor/laravel/framework/src/Illuminate/Console/Command.php(182): Symfony\\Component\\Console\\Command\\Command->run()
#14 /var/www/testapp/vendor/symfony/console/Application.php(1117): Illuminate\\Console\\Command->run()
#15 /var/www/testapp/vendor/symfony/console/Application.php(356): Symfony\\Component\\Console\\Application->doRunCommand()
#16 /var/www/testapp/vendor/symfony/console/Application.php(195): Symfony\\Component\\Console\\Application->doRun()
#17 /var/www/testapp/vendor/laravel/framework/src/Illuminate/Foundation/Console/Kernel.php(198): Symfony\\Component\\Console\\Application->run()
#18 /var/www/testapp/artisan(35): Illuminate\\Foundation\\Console\\Kernel->handle()
#19 {main}
"} 
[2026-08-20 15:25:36] production.WARNING: Pexels API error:   
[2026-08-20 15:25:44] production.WARNING: Pexels API error:   
[2026-08-20 15:26:16] production.WARNING: Pexels API error:   
[2026-08-20 15:26:20] production.WARNING: Pexels API error:   
[2026-08-20 15:26:30] production.WARNING: Pexels API error:   
[2026-08-20 15:27:10] production.WARNING: Pexels API error:   
[2026-08-20 15:27:46] production.WARNING: Pexels API error:   
[2026-08-20 15:28:00] production.WARNING: Pexels API error:   
[2026-08-20 15:28:18] production.WARNING: Pexels API error:   
[2026-08-20 15:28:54] production.WARNING: Pexels API error:   
[2026-08-20 15:29:20] production.WARNING: Pexels API error:   
[2026-08-20 15:29:34] production.WARNING: Pexels API error:   
[2026-08-20 15:29:48] production.WARNING: Pexels API error:   
[2026-08-20 15:30:14] production.WARNING: Pexels API error:   
