[2026-07-28 18:38:12] local.ERROR: Please provide a valid cache path. {"exception":"[object] (InvalidArgumentException(code: 0): Please provide a valid cache path. at C:/Users/hamza/Desktop/PROYECTOS/APP/mightyfitness/fitness-backend/vendor/laravel/framework/src/Illuminate/View/Compilers/Compiler.php:67)
[stacktrace]
#0 C:/Users/hamza/Desktop/PROYECTOS/APP/mightyfitness/fitness-backend/vendor/laravel/framework/src/Illuminate/View/ViewServiceProvider.php(97): Illuminate/View/Compilers/Compiler->__construct(Object(Illuminate/Filesystem/Filesystem), false, '', true, 'php')
#1 C:/Users/hamza/Desktop/PROYECTOS/APP/mightyfitness/fitness-backend/vendor/laravel/framework/src/Illuminate/Container/Container.php(952): Illuminate/View/ViewServiceProvider->Illuminate/View/{closure}(Object(Illuminate/Foundation/Application), Array)
#2 C:/Users/hamza/Desktop/PROYECTOS/APP/mightyfitness/fitness-backend/vendor/laravel/framework/src/Illuminate/Container/Container.php(832): Illuminate/Container/Container->build(Object(Closure))
#3 C:/Users/hamza/Desktop/PROYECTOS/APP/mightyfitness/fitness-backend/vendor/laravel/framework/src/Illuminate/Foundation/Application.php(1078): Illuminate/Container/Container->resolve('blade.compiler', Array, true)
#4 C:/Users/hamza/Desktop/PROYECTOS/APP/mightyfitness/fitness-backend/vendor/laravel/framework/src/Illuminate/Container/Container.php(763): Illuminate/Foundation/Application->resolve('blade.compiler', Array)
#5 C:/Users/hamza/Desktop/PROYECTOS/APP/mightyfitness/fitness-backend/vendor/laravel/framework/src/Illuminate/Foundation/Application.php(1058): Illuminate/Container/Container->make('blade.compiler', Array)
#6 C:/Users/hamza/Desktop/PROYECTOS/APP/mightyfitness/fitness-backend/vendor/laravel/framework/src/Illuminate/Container/Container.php(1580): Illuminate/Foundation/Application->make('blade.compiler')
#7 C:/Users/hamza/Desktop/PROYECTOS/APP/mightyfitness/fitness-backend/vendor/laravel/framework/src/Illuminate/Support/Facades/Facade.php(239): Illuminate/Container/Container->offsetGet('blade.compiler')
#8 C:/Users/hamza/Desktop/PROYECTOS/APP/mightyfitness/fitness-backend/vendor/laravel/framework/src/Illuminate/Support/Facades/Facade.php(210): Illuminate/Support/Facades/Facade::resolveFacadeInstance('blade.compiler')
#9 C:/Users/hamza/Desktop/PROYECTOS/APP/mightyfitness/fitness-backend/vendor/laravel/framework/src/Illuminate/Support/Facades/Facade.php(355): Illuminate/Support/Facades/Facade::getFacadeRoot()
#10 C:/Users/hamza/Desktop/PROYECTOS/APP/mightyfitness/fitness-backend/vendor/lavary/laravel-menu/src/Lavary/Menu/ServiceProvider.php(70): Illuminate/Support/Facades/Facade::__callStatic('directive', Array)
#11 C:/Users/hamza/Desktop/PROYECTOS/APP/mightyfitness/fitness-backend/vendor/lavary/laravel-menu/src/Lavary/Menu/ServiceProvider.php(94): Lavary/Menu/ServiceProvider->bladeDirectives()
#12 C:/Users/hamza/Desktop/PROYECTOS/APP/mightyfitness/fitness-backend/vendor/laravel/framework/src/Illuminate/Container/BoundMethod.php(36): Lavary/Menu/ServiceProvider->boot()
#13 C:/Users/hamza/Desktop/PROYECTOS/APP/mightyfitness/fitness-backend/vendor/laravel/framework/src/Illuminate/Container/Util.php(43): Illuminate/Container/BoundMethod::Illuminate/Container/{closure}()
#14 C:/Users/hamza/Desktop/PROYECTOS/APP/mightyfitness/fitness-backend/vendor/laravel/framework/src/Illuminate/Container/BoundMethod.php(95): Illuminate/Container/Util::unwrapIfClosure(Object(Closure))
#15 C:/Users/hamza/Desktop/PROYECTOS/APP/mightyfitness/fitness-backend/vendor/laravel/framework/src/Illuminate/Container/BoundMethod.php(35): Illuminate/Container/BoundMethod::callBoundMethod(Object(Illuminate/Foundation/Application), Array, Object(Closure))
#16 C:/Users/hamza/Desktop/PROYECTOS/APP/mightyfitness/fitness-backend/vendor/laravel/framework/src/Illuminate/Container/Container.php(696): Illuminate/Container/BoundMethod::call(Object(Illuminate/Foundation/Application), Array, Array, NULL)
#17 C:/Users/hamza/Desktop/PROYECTOS/APP/mightyfitness/fitness-backend/vendor/laravel/framework/src/Illuminate/Foundation/Application.php(1151): Illuminate/Container/Container->call(Array)
#18 C:/Users/hamza/Desktop/PROYECTOS/APP/mightyfitness/fitness-backend/vendor/laravel/framework/src/Illuminate/Foundation/Application.php(1132): Illuminate/Foundation/Application->bootProvider(Object(Lavary/Menu/ServiceProvider))
#19 [internal function]: Illuminate/Foundation/Application->Illuminate/Foundation/{closure}(Object(Lavary/Menu/ServiceProvider), 'Lavary//Menu//Ser...')
#20 C:/Users/hamza/Desktop/PROYECTOS/APP/mightyfitness/fitness-backend/vendor/laravel/framework/src/Illuminate/Foundation/Application.php(1131): array_walk(Array, Object(Closure))
#21 C:/Users/hamza/Desktop/PROYECTOS/APP/mightyfitness/fitness-backend/vendor/laravel/framework/src/Illuminate/Foundation/Bootstrap/BootProviders.php(17): Illuminate/Foundation/Application->boot()
#22 C:/Users/hamza/Desktop/PROYECTOS/APP/mightyfitness/fitness-backend/vendor/laravel/framework/src/Illuminate/Foundation/Application.php(342): Illuminate/Foundation/Bootstrap/BootProviders->bootstrap(Object(Illuminate/Foundation/Application))
#23 C:/Users/hamza/Desktop/PROYECTOS/APP/mightyfitness/fitness-backend/vendor/laravel/framework/src/Illuminate/Foundation/Console/Kernel.php(474): Illuminate/Foundation/Application->bootstrapWith(Array)
#24 C:/Users/hamza/Desktop/PROYECTOS/APP/mightyfitness/fitness-backend/vendor/laravel/framework/src/Illuminate/Foundation/Console/Kernel.php(196): Illuminate/Foundation/Console/Kernel->bootstrap()
#25 C:/Users/hamza/Desktop/PROYECTOS/APP/mightyfitness/fitness-backend/artisan(35): Illuminate/Foundation/Console/Kernel->handle(Object(Symfony/Component/Console/Input/ArgvInput), Object(Symfony/Component/Console/Output/ConsoleOutput))
#26 {main}
"} 
